Modules list:
-------------
startup.o:
    ZEROPAGE          Offs=000000  Size=000006  Align=00001  Fill=0000
    STARTUP           Offs=000000  Size=000047  Align=00001  Fill=0000
main.o:
    CODE              Offs=000000  Size=0001C7  Align=00001  Fill=0000
    RODATA            Offs=000000  Size=0000CE  Align=00001  Fill=0000
tm1638.o:
    CODE              Offs=0001C7  Size=000CE9  Align=00001  Fill=0000
    RODATA            Offs=0000CE  Size=00009A  Align=00001  Fill=0000
    BSS               Offs=000000  Size=000001  Align=00001  Fill=0000
    DATA              Offs=000000  Size=000001  Align=00001  Fill=0000
D:\cc65\lib\none.lib(add.o):
    CODE              Offs=000EB0  Size=00001C  Align=00001  Fill=0000
D:\cc65\lib\none.lib(addysp.o):
    CODE              Offs=000ECC  Size=00000E  Align=00001  Fill=0000
D:\cc65\lib\none.lib(along.o):
    CODE              Offs=000EDA  Size=00000D  Align=00001  Fill=0000
D:\cc65\lib\none.lib(axlong.o):
    CODE              Offs=000EE7  Size=00000D  Align=00001  Fill=0000
D:\cc65\lib\none.lib(call.o):
    CODE              Offs=000EF4  Size=000007  Align=00001  Fill=0000
D:\cc65\lib\none.lib(decax1.o):
    CODE              Offs=000EFB  Size=000007  Align=00001  Fill=0000
D:\cc65\lib\none.lib(decsp1.o):
    CODE              Offs=000F02  Size=000009  Align=00001  Fill=0000
D:\cc65\lib\none.lib(decsp2.o):
    CODE              Offs=000F0B  Size=00000D  Align=00001  Fill=0000
D:\cc65\lib\none.lib(decsp3.o):
    CODE              Offs=000F18  Size=00000D  Align=00001  Fill=0000
D:\cc65\lib\none.lib(decsp4.o):
    CODE              Offs=000F25  Size=00000D  Align=00001  Fill=0000
D:\cc65\lib\none.lib(decsp5.o):
    CODE              Offs=000F32  Size=00000D  Align=00001  Fill=0000
D:\cc65\lib\none.lib(incax1.o):
    CODE              Offs=000F3F  Size=000007  Align=00001  Fill=0000
D:\cc65\lib\none.lib(incaxy.o):
    CODE              Offs=000F46  Size=00000B  Align=00001  Fill=0000
D:\cc65\lib\none.lib(incsp1.o):
    CODE              Offs=000F51  Size=000007  Align=00001  Fill=0000
D:\cc65\lib\none.lib(incsp2.o):
    CODE              Offs=000F58  Size=000016  Align=00001  Fill=0000
D:\cc65\lib\none.lib(incsp4.o):
    CODE              Offs=000F6E  Size=000005  Align=00001  Fill=0000
D:\cc65\lib\none.lib(incsp5.o):
    CODE              Offs=000F73  Size=000005  Align=00001  Fill=0000
D:\cc65\lib\none.lib(incsp6.o):
    CODE              Offs=000F78  Size=000005  Align=00001  Fill=0000
D:\cc65\lib\none.lib(incsp8.o):
    CODE              Offs=000F7D  Size=000005  Align=00001  Fill=0000
D:\cc65\lib\none.lib(jmpvec.o):
    DATA              Offs=000001  Size=000003  Align=00001  Fill=0000
D:\cc65\lib\none.lib(land.o):
    CODE              Offs=000F82  Size=000024  Align=00001  Fill=0000
D:\cc65\lib\none.lib(lcmp.o):
    CODE              Offs=000FA6  Size=00003B  Align=00001  Fill=0000
D:\cc65\lib\none.lib(ldaxsp.o):
    CODE              Offs=000FE1  Size=000009  Align=00001  Fill=0000
D:\cc65\lib\none.lib(ldeaxysp.o):
    CODE              Offs=000FEA  Size=000013  Align=00001  Fill=0000
D:\cc65\lib\none.lib(leaaxsp.o):
    CODE              Offs=000FFD  Size=00000C  Align=00001  Fill=0000
D:\cc65\lib\none.lib(leq.o):
    CODE              Offs=001009  Size=000006  Align=00001  Fill=0000
D:\cc65\lib\none.lib(lne.o):
    CODE              Offs=00100F  Size=000006  Align=00001  Fill=0000
D:\cc65\lib\none.lib(lor.o):
    CODE              Offs=001015  Size=000024  Align=00001  Fill=0000
D:\cc65\lib\none.lib(lpop.o):
    CODE              Offs=001039  Size=000015  Align=00001  Fill=0000
D:\cc65\lib\none.lib(lpush.o):
    CODE              Offs=00104E  Size=000021  Align=00001  Fill=0000
D:\cc65\lib\none.lib(lshl.o):
    CODE              Offs=00106F  Size=00001A  Align=00001  Fill=0000
D:\cc65\lib\none.lib(ltest.o):
    CODE              Offs=001089  Size=00000F  Align=00001  Fill=0000
D:\cc65\lib\none.lib(ludiv.o):
    CODE              Offs=001098  Size=00007A  Align=00001  Fill=0000
D:\cc65\lib\none.lib(lumod.o):
    CODE              Offs=001112  Size=000019  Align=00001  Fill=0000
D:\cc65\lib\none.lib(makebool.o):
    CODE              Offs=00112B  Size=00002C  Align=00001  Fill=0000
D:\cc65\lib\none.lib(popptr1.o):
    CODE              Offs=001157  Size=00000E  Align=00001  Fill=0000
D:\cc65\lib\none.lib(pusha.o):
    CODE              Offs=001165  Size=000016  Align=00001  Fill=0000
D:\cc65\lib\none.lib(pushax.o):
    CODE              Offs=00117B  Size=00001A  Align=00001  Fill=0000
D:\cc65\lib\none.lib(pushwsp.o):
    CODE              Offs=001195  Size=00001C  Align=00001  Fill=0000
D:\cc65\lib\none.lib(shl.o):
    CODE              Offs=0011B1  Size=000033  Align=00001  Fill=0000
D:\cc65\lib\none.lib(staspidx.o):
    CODE              Offs=0011E4  Size=000016  Align=00001  Fill=0000
D:\cc65\lib\none.lib(staxsp.o):
    CODE              Offs=0011FA  Size=00000B  Align=00001  Fill=0000
D:\cc65\lib\none.lib(steaxsp.o):
    CODE              Offs=001205  Size=000015  Align=00001  Fill=0000
D:\cc65\lib\none.lib(subysp.o):
    CODE              Offs=00121A  Size=00000D  Align=00001  Fill=0000
D:\cc65\lib\none.lib(udiv.o):
    CODE              Offs=001227  Size=00004F  Align=00001  Fill=0000
D:\cc65\lib\none.lib(umod.o):
    CODE              Offs=001276  Size=000011  Align=00001  Fill=0000
D:\cc65\lib\none.lib(zeropage.o):
    ZEROPAGE          Offs=000006  Size=00001A  Align=00001  Fill=0000


Segment list:
-------------
Name                   Start     End    Size  Align
----------------------------------------------------
ZEROPAGE              000020  00003F  000020  00001
STARTUP               000800  000846  000047  00001
CODE                  000847  001ACD  001287  00001
RODATA                001ACE  001C35  000168  00001
DATA                  001C36  001C39  000004  00001
BSS                   001C3A  001C3A  000001  00001


Exports list by name:
---------------------
__BSS_RUN__               001C3A RLA    __BSS_SIZE__              000001 REA    
__STARTUP__               000001 REA    _main                     000999 RLA    
_tm1638_clear_display     000F88 RLA    _tm1638_init              000A34 RLA    
_tm1638_set_brightness    001020 RLA    _tm1638_show_text         000DEB RLA    
addysp                    001714 RLA    addysp1                   001713 RLA    
aslaxy                    0019FF RLA    aulong                    001727 RLA    
axulong                   001734 RLA    booleq                    001978 RLA    
boolne                    001972 RLA    callax                    00173B RLA    
decax1                    001742 RLA    decsp1                    001749 RLA    
decsp2                    001752 RLA    decsp3                    00175F RLA    
decsp4                    00176C RLA    decsp5                    001779 RLA    
getlop                    0018F0 RLA    incax1                    001786 RLA    
incaxy                    00178F RLA    incsp1                    001798 RLA    
incsp2                    0017A7 RLA    incsp4                    0017B5 RLA    
incsp5                    0017BA RLA    incsp6                    0017BF RLA    
incsp8                    0017C4 RLA    jmpvec                    001C37 RLA    
ldax0sp                   001828 RLA    ldaxysp                   00182A RLA    
ldeax0sp                  001831 RLA    ldeaxysp                  001833 RLA    
leaa0sp                   001844 RLA    popax                     00179F RLA    
popeax                    001880 RLA    popptr1                   00199E RLA    
ptr1                      00002E RLZ    ptr2                      000030 RLZ    
ptr3                      000032 RLZ    ptr4                      000034 RLZ    
pusha                     0019B0 RLA    pushax                    0019C6 RLA    
pusheax                   00189E RLA    pushl0                    001895 RLA    
pushw0sp                  0019DC RLA    pushwysp                  0019DE RLA    
regsave                   00002A RLZ    sp                        000026 RLZ    
sreg                      000028 RLZ    staspidx                  001A2B RLA    
stax0sp                   001A41 RLA    staxysp                   001A43 RLA    
steaxysp                  001A4E RLA    subysp                    001A61 RLA    
tmp1                      000036 RLZ    tmp3                      000038 RLZ    
tmp4                      000039 RLZ    tosaddax                  0016F9 RLA    
tosand0ax                 0017C9 RLA    tosandeax                 0017CF RLA    
toseqeax                  001850 RLA    toslcmp                   0017ED RLA    
tosneeax                  001856 RLA    tosoreax                  001862 RLA    
tosshleax                 0018B6 RLA    tosudiv0ax                0018DF RLA    
tosumod0ax                001959 RLA    tosumoda0                 001ABD RLA    
udiv16                    001A7F RLA    udiv32                    001914 RLA    
utsteax                   0018D0 RLA    


Exports list by value:
----------------------
__BSS_SIZE__              000001 REA    __STARTUP__               000001 REA    
sp                        000026 RLZ    sreg                      000028 RLZ    
regsave                   00002A RLZ    ptr1                      00002E RLZ    
ptr2                      000030 RLZ    ptr3                      000032 RLZ    
ptr4                      000034 RLZ    tmp1                      000036 RLZ    
tmp3                      000038 RLZ    tmp4                      000039 RLZ    
_main                     000999 RLA    _tm1638_init              000A34 RLA    
_tm1638_show_text         000DEB RLA    _tm1638_clear_display     000F88 RLA    
_tm1638_set_brightness    001020 RLA    tosaddax                  0016F9 RLA    
addysp1                   001713 RLA    addysp                    001714 RLA    
aulong                    001727 RLA    axulong                   001734 RLA    
callax                    00173B RLA    decax1                    001742 RLA    
decsp1                    001749 RLA    decsp2                    001752 RLA    
decsp3                    00175F RLA    decsp4                    00176C RLA    
decsp5                    001779 RLA    incax1                    001786 RLA    
incaxy                    00178F RLA    incsp1                    001798 RLA    
popax                     00179F RLA    incsp2                    0017A7 RLA    
incsp4                    0017B5 RLA    incsp5                    0017BA RLA    
incsp6                    0017BF RLA    incsp8                    0017C4 RLA    
tosand0ax                 0017C9 RLA    tosandeax                 0017CF RLA    
toslcmp                   0017ED RLA    ldax0sp                   001828 RLA    
ldaxysp                   00182A RLA    ldeax0sp                  001831 RLA    
ldeaxysp                  001833 RLA    leaa0sp                   001844 RLA    
toseqeax                  001850 RLA    tosneeax                  001856 RLA    
tosoreax                  001862 RLA    popeax                    001880 RLA    
pushl0                    001895 RLA    pusheax                   00189E RLA    
tosshleax                 0018B6 RLA    utsteax                   0018D0 RLA    
tosudiv0ax                0018DF RLA    getlop                    0018F0 RLA    
udiv32                    001914 RLA    tosumod0ax                001959 RLA    
boolne                    001972 RLA    booleq                    001978 RLA    
popptr1                   00199E RLA    pusha                     0019B0 RLA    
pushax                    0019C6 RLA    pushw0sp                  0019DC RLA    
pushwysp                  0019DE RLA    aslaxy                    0019FF RLA    
staspidx                  001A2B RLA    stax0sp                   001A41 RLA    
staxysp                   001A43 RLA    steaxysp                  001A4E RLA    
subysp                    001A61 RLA    udiv16                    001A7F RLA    
tosumoda0                 001ABD RLA    jmpvec                    001C37 RLA    
__BSS_RUN__               001C3A RLA    


Imports list:
-------------
__BSS_RUN__ ([linker generated]):
    startup.o                 src\startup.s(12)
__BSS_SIZE__ ([linker generated]):
    startup.o                 src\startup.s(12)
__STARTUP__ (startup.o):
    main.o                    src\main.s(13)
_main (main.o):
    startup.o                 src\startup.s(11)
_tm1638_clear_display (tm1638.o):
    main.o                    src\main.s(16)
_tm1638_init (tm1638.o):
    main.o                    src\main.s(14)
_tm1638_set_brightness (tm1638.o):
    main.o                    src\main.s(17)
_tm1638_show_text (tm1638.o):
    main.o                    src\main.s(15)
addysp (addysp.o):
    incsp8.o                  runtime/incsp8.s(8)
    incsp6.o                  runtime/incsp6.s(8)
    incsp5.o                  runtime/incsp5.s(8)
    incsp4.o                  runtime/incsp4.s(8)
    tm1638.o                  ../../libs/tm1638-6502-cc65/src/tm1638.s(2120)
    tm1638.o                  ../../libs/tm1638-6502-cc65/src/tm1638.s(2120)
    tm1638.o                  ../../libs/tm1638-6502-cc65/src/tm1638.s(2120)
    tm1638.o                  ../../libs/tm1638-6502-cc65/src/tm1638.s(2120)
    tm1638.o                  ../../libs/tm1638-6502-cc65/src/tm1638.s(2120)
    tm1638.o                  ../../libs/tm1638-6502-cc65/src/tm1638.s(2120)
    main.o                    src\main.s(292)
addysp1 (addysp.o):
    ludiv.o                   runtime/ludiv.s(9)
    lor.o                     runtime/lor.s(9)
    land.o                    runtime/land.s(9)
aslaxy (shl.o):
    tm1638.o                  ../../libs/tm1638-6502-cc65/src/tm1638.s(2120)
aulong (along.o):
    tm1638.o                  ../../libs/tm1638-6502-cc65/src/tm1638.s(2120)
axulong (axlong.o):
    tm1638.o                  ../../libs/tm1638-6502-cc65/src/tm1638.s(2120)
booleq (makebool.o):
    leq.o                     runtime/leq.s(8)
boolne (makebool.o):
    lne.o                     runtime/lne.s(8)
callax (call.o):
    main.o                    src\main.s(292)
decax1 (decax1.o):
    tm1638.o                  ../../libs/tm1638-6502-cc65/src/tm1638.s(2120)
    tm1638.o                  ../../libs/tm1638-6502-cc65/src/tm1638.s(2120)
decsp1 (decsp1.o):
    tm1638.o                  ../../libs/tm1638-6502-cc65/src/tm1638.s(2120)
    tm1638.o                  ../../libs/tm1638-6502-cc65/src/tm1638.s(2120)
    tm1638.o                  ../../libs/tm1638-6502-cc65/src/tm1638.s(2120)
    tm1638.o                  ../../libs/tm1638-6502-cc65/src/tm1638.s(2120)
    tm1638.o                  ../../libs/tm1638-6502-cc65/src/tm1638.s(2120)
    tm1638.o                  ../../libs/tm1638-6502-cc65/src/tm1638.s(2120)
    tm1638.o                  ../../libs/tm1638-6502-cc65/src/tm1638.s(2120)
    tm1638.o                  ../../libs/tm1638-6502-cc65/src/tm1638.s(2120)
decsp2 (decsp2.o):
    tm1638.o                  ../../libs/tm1638-6502-cc65/src/tm1638.s(2120)
    tm1638.o                  ../../libs/tm1638-6502-cc65/src/tm1638.s(2120)
    tm1638.o                  ../../libs/tm1638-6502-cc65/src/tm1638.s(2120)
decsp3 (decsp3.o):
    tm1638.o                  ../../libs/tm1638-6502-cc65/src/tm1638.s(2120)
decsp4 (decsp4.o):
    lpush.o                   runtime/lpush.s(12)
decsp5 (decsp5.o):
    tm1638.o                  ../../libs/tm1638-6502-cc65/src/tm1638.s(2120)
getlop (ludiv.o):
    lumod.o                   runtime/lumod.s(9)
incax1 (incax1.o):
    main.o                    src\main.s(292)
incaxy (incaxy.o):
    tm1638.o                  ../../libs/tm1638-6502-cc65/src/tm1638.s(2120)
    tm1638.o                  ../../libs/tm1638-6502-cc65/src/tm1638.s(2120)
incsp1 (incsp1.o):
    tm1638.o                  ../../libs/tm1638-6502-cc65/src/tm1638.s(2120)
    tm1638.o                  ../../libs/tm1638-6502-cc65/src/tm1638.s(2120)
    tm1638.o                  ../../libs/tm1638-6502-cc65/src/tm1638.s(2120)
    tm1638.o                  ../../libs/tm1638-6502-cc65/src/tm1638.s(2120)
    main.o                    src\main.s(292)
incsp2 (incsp2.o):
    popptr1.o                 runtime/popptr1.s(8)
    staspidx.o                runtime/staspidx.s(8)
    tm1638.o                  ../../libs/tm1638-6502-cc65/src/tm1638.s(2120)
    tm1638.o                  ../../libs/tm1638-6502-cc65/src/tm1638.s(2120)
    tm1638.o                  ../../libs/tm1638-6502-cc65/src/tm1638.s(2120)
    tm1638.o                  ../../libs/tm1638-6502-cc65/src/tm1638.s(2120)
    main.o                    src\main.s(292)
    main.o                    src\main.s(292)
    main.o                    src\main.s(292)
incsp4 (incsp4.o):
    lpop.o                    runtime/lpop.s(9)
    lcmp.o                    runtime/lcmp.s(9)
    tm1638.o                  ../../libs/tm1638-6502-cc65/src/tm1638.s(2120)
    tm1638.o                  ../../libs/tm1638-6502-cc65/src/tm1638.s(2120)
    tm1638.o                  ../../libs/tm1638-6502-cc65/src/tm1638.s(2120)
    tm1638.o                  ../../libs/tm1638-6502-cc65/src/tm1638.s(2120)
    tm1638.o                  ../../libs/tm1638-6502-cc65/src/tm1638.s(2120)
incsp5 (incsp5.o):
    tm1638.o                  ../../libs/tm1638-6502-cc65/src/tm1638.s(2120)
incsp6 (incsp6.o):
    tm1638.o                  ../../libs/tm1638-6502-cc65/src/tm1638.s(2120)
incsp8 (incsp8.o):
    tm1638.o                  ../../libs/tm1638-6502-cc65/src/tm1638.s(2120)
    tm1638.o                  ../../libs/tm1638-6502-cc65/src/tm1638.s(2120)
jmpvec (jmpvec.o):
    main.o                    src\main.s(292)
    main.o                    src\main.s(292)
    main.o                    src\main.s(292)
ldax0sp (ldaxsp.o):
    tm1638.o                  ../../libs/tm1638-6502-cc65/src/tm1638.s(2120)
    main.o                    src\main.s(292)
ldaxysp (ldaxsp.o):
    tm1638.o                  ../../libs/tm1638-6502-cc65/src/tm1638.s(2120)
    tm1638.o                  ../../libs/tm1638-6502-cc65/src/tm1638.s(2120)
    tm1638.o                  ../../libs/tm1638-6502-cc65/src/tm1638.s(2120)
    tm1638.o                  ../../libs/tm1638-6502-cc65/src/tm1638.s(2120)
    tm1638.o                  ../../libs/tm1638-6502-cc65/src/tm1638.s(2120)
    tm1638.o                  ../../libs/tm1638-6502-cc65/src/tm1638.s(2120)
    tm1638.o                  ../../libs/tm1638-6502-cc65/src/tm1638.s(2120)
    main.o                    src\main.s(292)
    main.o                    src\main.s(292)
ldeax0sp (ldeaxysp.o):
    tm1638.o                  ../../libs/tm1638-6502-cc65/src/tm1638.s(2120)
    tm1638.o                  ../../libs/tm1638-6502-cc65/src/tm1638.s(2120)
ldeaxysp (ldeaxysp.o):
    tm1638.o                  ../../libs/tm1638-6502-cc65/src/tm1638.s(2120)
    tm1638.o                  ../../libs/tm1638-6502-cc65/src/tm1638.s(2120)
    tm1638.o                  ../../libs/tm1638-6502-cc65/src/tm1638.s(2120)
    tm1638.o                  ../../libs/tm1638-6502-cc65/src/tm1638.s(2120)
leaa0sp (leaaxsp.o):
    tm1638.o                  ../../libs/tm1638-6502-cc65/src/tm1638.s(2120)
    tm1638.o                  ../../libs/tm1638-6502-cc65/src/tm1638.s(2120)
    tm1638.o                  ../../libs/tm1638-6502-cc65/src/tm1638.s(2120)
    tm1638.o                  ../../libs/tm1638-6502-cc65/src/tm1638.s(2120)
    main.o                    src\main.s(292)
popax (incsp2.o):
    shl.o                     runtime/shl.s(15)
popeax (lpop.o):
    lshl.o                    runtime/lshl.s(15)
popptr1 (popptr1.o):
    udiv.o                    runtime/udiv.s(9)
    umod.o                    runtime/umod.s(8)
ptr1 (zeropage.o):
    udiv.o                    runtime/udiv.s(10)
    popptr1.o                 runtime/popptr1.s(9)
    lcmp.o                    runtime/lcmp.s(10)
    staspidx.o                runtime/staspidx.s(9)
    ludiv.o                   runtime/ludiv.s(10)
    call.o                    runtime/call.s(8)
    tm1638.o                  ../../libs/tm1638-6502-cc65/src/tm1638.s(11)
    main.o                    src\main.s(11)
ptr2 (zeropage.o):
    lumod.o                   runtime/lumod.s(10)
    ludiv.o                   runtime/ludiv.s(10)
ptr3 (zeropage.o):
    ludiv.o                   runtime/ludiv.s(10)
ptr4 (zeropage.o):
    udiv.o                    runtime/udiv.s(10)
    umod.o                    runtime/umod.s(9)
    ludiv.o                   runtime/ludiv.s(10)
pusha (pusha.o):
    tm1638.o                  ../../libs/tm1638-6502-cc65/src/tm1638.s(2120)
    tm1638.o                  ../../libs/tm1638-6502-cc65/src/tm1638.s(2120)
    tm1638.o                  ../../libs/tm1638-6502-cc65/src/tm1638.s(2120)
    tm1638.o                  ../../libs/tm1638-6502-cc65/src/tm1638.s(2120)
    tm1638.o                  ../../libs/tm1638-6502-cc65/src/tm1638.s(2120)
    tm1638.o                  ../../libs/tm1638-6502-cc65/src/tm1638.s(2120)
    tm1638.o                  ../../libs/tm1638-6502-cc65/src/tm1638.s(2120)
    tm1638.o                  ../../libs/tm1638-6502-cc65/src/tm1638.s(2120)
    tm1638.o                  ../../libs/tm1638-6502-cc65/src/tm1638.s(2120)
    tm1638.o                  ../../libs/tm1638-6502-cc65/src/tm1638.s(2120)
    tm1638.o                  ../../libs/tm1638-6502-cc65/src/tm1638.s(2120)
    main.o                    src\main.s(292)
pushax (pushax.o):
    tm1638.o                  ../../libs/tm1638-6502-cc65/src/tm1638.s(2120)
    tm1638.o                  ../../libs/tm1638-6502-cc65/src/tm1638.s(2120)
    tm1638.o                  ../../libs/tm1638-6502-cc65/src/tm1638.s(2120)
    tm1638.o                  ../../libs/tm1638-6502-cc65/src/tm1638.s(2120)
    tm1638.o                  ../../libs/tm1638-6502-cc65/src/tm1638.s(2120)
    tm1638.o                  ../../libs/tm1638-6502-cc65/src/tm1638.s(2120)
    tm1638.o                  ../../libs/tm1638-6502-cc65/src/tm1638.s(2120)
    tm1638.o                  ../../libs/tm1638-6502-cc65/src/tm1638.s(2120)
    tm1638.o                  ../../libs/tm1638-6502-cc65/src/tm1638.s(2120)
    tm1638.o                  ../../libs/tm1638-6502-cc65/src/tm1638.s(2120)
    tm1638.o                  ../../libs/tm1638-6502-cc65/src/tm1638.s(2120)
    tm1638.o                  ../../libs/tm1638-6502-cc65/src/tm1638.s(2120)
    tm1638.o                  ../../libs/tm1638-6502-cc65/src/tm1638.s(2120)
    main.o                    src\main.s(292)
    main.o                    src\main.s(292)
    main.o                    src\main.s(292)
pusheax (lpush.o):
    tm1638.o                  ../../libs/tm1638-6502-cc65/src/tm1638.s(2120)
    tm1638.o                  ../../libs/tm1638-6502-cc65/src/tm1638.s(2120)
    tm1638.o                  ../../libs/tm1638-6502-cc65/src/tm1638.s(2120)
    tm1638.o                  ../../libs/tm1638-6502-cc65/src/tm1638.s(2120)
    tm1638.o                  ../../libs/tm1638-6502-cc65/src/tm1638.s(2120)
pushl0 (lpush.o):
    tm1638.o                  ../../libs/tm1638-6502-cc65/src/tm1638.s(2120)
pushw0sp (pushwsp.o):
    main.o                    src\main.s(292)
pushwysp (pushwsp.o):
    tm1638.o                  ../../libs/tm1638-6502-cc65/src/tm1638.s(2120)
    tm1638.o                  ../../libs/tm1638-6502-cc65/src/tm1638.s(2120)
    tm1638.o                  ../../libs/tm1638-6502-cc65/src/tm1638.s(2120)
    tm1638.o                  ../../libs/tm1638-6502-cc65/src/tm1638.s(2120)
    tm1638.o                  ../../libs/tm1638-6502-cc65/src/tm1638.s(2120)
    main.o                    src\main.s(292)
regsave (zeropage.o):
    tm1638.o                  ../../libs/tm1638-6502-cc65/src/tm1638.s(10)
    main.o                    src\main.s(10)
sp (zeropage.o):
    popptr1.o                 runtime/popptr1.s(9)
    lpop.o                    runtime/lpop.s(10)
    lcmp.o                    runtime/lcmp.s(10)
    decsp4.o                  runtime/decsp4.s(8)
    subysp.o                  runtime/subysp.s(9)
    steaxsp.o                 runtime/steaxsp.s(8)
    staxsp.o                  runtime/staxsp.s(8)
    staspidx.o                runtime/staspidx.s(9)
    pushwsp.o                 runtime/pushwsp.s(8)
    pushax.o                  runtime/pushax.s(8)
    pusha.o                   runtime/pusha.s(8)
    ludiv.o                   runtime/ludiv.s(10)
    lpush.o                   runtime/lpush.s(13)
    lor.o                     runtime/lor.s(10)
    leaaxsp.o                 runtime/leaaxsp.s(8)
    ldeaxysp.o                runtime/ldeaxysp.s(12)
    ldaxsp.o                  runtime/ldaxsp.s(8)
    land.o                    runtime/land.s(10)
    incsp2.o                  runtime/incsp2.s(8)
    incsp1.o                  runtime/incsp1.s(8)
    decsp5.o                  runtime/decsp5.s(8)
    decsp3.o                  runtime/decsp3.s(8)
    decsp2.o                  runtime/decsp2.s(8)
    decsp1.o                  runtime/decsp1.s(8)
    addysp.o                  runtime/addysp.s(8)
    add.o                     runtime/add.s(12)
    tm1638.o                  ../../libs/tm1638-6502-cc65/src/tm1638.s(10)
    main.o                    src\main.s(10)
    startup.o                 src\startup.s(13)
sreg (zeropage.o):
    udiv.o                    runtime/udiv.s(10)
    lpop.o                    runtime/lpop.s(10)
    lcmp.o                    runtime/lcmp.s(10)
    umod.o                    runtime/umod.s(9)
    steaxsp.o                 runtime/steaxsp.s(8)
    lumod.o                   runtime/lumod.s(10)
    ludiv.o                   runtime/ludiv.s(10)
    ltest.o                   runtime/ltest.s(8)
    lshl.o                    runtime/lshl.s(16)
    lpush.o                   runtime/lpush.s(13)
    lor.o                     runtime/lor.s(10)
    ldeaxysp.o                runtime/ldeaxysp.s(12)
    land.o                    runtime/land.s(10)
    axlong.o                  runtime/axlong.s(9)
    along.o                   runtime/along.s(9)
    tm1638.o                  ../../libs/tm1638-6502-cc65/src/tm1638.s(10)
staspidx (staspidx.o):
    tm1638.o                  ../../libs/tm1638-6502-cc65/src/tm1638.s(2120)
    tm1638.o                  ../../libs/tm1638-6502-cc65/src/tm1638.s(2120)
    tm1638.o                  ../../libs/tm1638-6502-cc65/src/tm1638.s(2120)
    tm1638.o                  ../../libs/tm1638-6502-cc65/src/tm1638.s(2120)
    main.o                    src\main.s(292)
stax0sp (staxsp.o):
    tm1638.o                  ../../libs/tm1638-6502-cc65/src/tm1638.s(2120)
staxysp (staxsp.o):
    main.o                    src\main.s(292)
steaxysp (steaxsp.o):
    tm1638.o                  ../../libs/tm1638-6502-cc65/src/tm1638.s(2120)
    tm1638.o                  ../../libs/tm1638-6502-cc65/src/tm1638.s(2120)
subysp (subysp.o):
    tm1638.o                  ../../libs/tm1638-6502-cc65/src/tm1638.s(2120)
    tm1638.o                  ../../libs/tm1638-6502-cc65/src/tm1638.s(2120)
    tm1638.o                  ../../libs/tm1638-6502-cc65/src/tm1638.s(2120)
    tm1638.o                  ../../libs/tm1638-6502-cc65/src/tm1638.s(2120)
    tm1638.o                  ../../libs/tm1638-6502-cc65/src/tm1638.s(2120)
    main.o                    src\main.s(292)
tmp1 (zeropage.o):
    staspidx.o                runtime/staspidx.s(9)
    shl.o                     runtime/shl.s(16)
    ltest.o                   runtime/ltest.s(8)
    lshl.o                    runtime/lshl.s(16)
    lor.o                     runtime/lor.s(10)
    land.o                    runtime/land.s(10)
    incaxy.o                  runtime/incaxy.s(8)
    add.o                     runtime/add.s(12)
tmp3 (zeropage.o):
    lumod.o                   runtime/lumod.s(10)
    ludiv.o                   runtime/ludiv.s(10)
tmp4 (zeropage.o):
    lumod.o                   runtime/lumod.s(10)
    ludiv.o                   runtime/ludiv.s(10)
tosaddax (add.o):
    main.o                    src\main.s(292)
tosand0ax (land.o):
    tm1638.o                  ../../libs/tm1638-6502-cc65/src/tm1638.s(2120)
    tm1638.o                  ../../libs/tm1638-6502-cc65/src/tm1638.s(2120)
tosandeax (land.o):
    tm1638.o                  ../../libs/tm1638-6502-cc65/src/tm1638.s(2120)
    tm1638.o                  ../../libs/tm1638-6502-cc65/src/tm1638.s(2120)
toseqeax (leq.o):
    tm1638.o                  ../../libs/tm1638-6502-cc65/src/tm1638.s(2120)
    tm1638.o                  ../../libs/tm1638-6502-cc65/src/tm1638.s(2120)
toslcmp (lcmp.o):
    lne.o                     runtime/lne.s(8)
    leq.o                     runtime/leq.s(8)
tosneeax (lne.o):
    tm1638.o                  ../../libs/tm1638-6502-cc65/src/tm1638.s(2120)
tosoreax (lor.o):
    tm1638.o                  ../../libs/tm1638-6502-cc65/src/tm1638.s(2120)
tosshleax (lshl.o):
    tm1638.o                  ../../libs/tm1638-6502-cc65/src/tm1638.s(2120)
tosudiv0ax (ludiv.o):
    tm1638.o                  ../../libs/tm1638-6502-cc65/src/tm1638.s(2120)
tosumod0ax (lumod.o):
    tm1638.o                  ../../libs/tm1638-6502-cc65/src/tm1638.s(2120)
tosumoda0 (umod.o):
    main.o                    src\main.s(292)
udiv16 (udiv.o):
    umod.o                    runtime/umod.s(8)
udiv32 (ludiv.o):
    lumod.o                   runtime/lumod.s(9)
utsteax (ltest.o):
    tm1638.o                  ../../libs/tm1638-6502-cc65/src/tm1638.s(2120)
    tm1638.o                  ../../libs/tm1638-6502-cc65/src/tm1638.s(2120)

